Model: "sequential"
_________________________________________________________________
 Layer (type)                Output Shape              Param #
=================================================================
 conv2d (Conv2D)             (None, 16, 8, 8)          160
 max_pooling2d               (None, 16, 4, 4)          0
 flatten (Flatten)           (None, 256)               0
 dense (Dense)               (None, 32)                8224
 dense_1 (Dense)             (None, 10)                330
=================================================================
Total params: 8,714
Trainable params: 8,714
Non-trainable params: 0
_________________________________________________________________
Epoch 1/20
43/43 [==============================] - 0s 7ms/step - loss: 2.2825 - accuracy: 0.1128 - val_loss: 2.2440 - val_accuracy: 0.1000
Epoch 2/20
43/43 [==============================] - 0s 5ms/step - loss: 2.1958 - accuracy: 0.3296 - val_loss: 2.1220 - val_accuracy: 0.5778
Epoch 3/20
43/43 [==============================] - 0s 4ms/step - loss: 2.0200 - accuracy: 0.6622 - val_loss: 1.8856 - val_accuracy: 0.7267
Epoch 4/20
43/43 [==============================] - 0s 4ms/step - loss: 1.7400 - accuracy: 0.7402 - val_loss: 1.5631 - val_accuracy: 0.8022
Epoch 5/20
43/43 [==============================] - 0s 5ms/step - loss: 1.4010 - accuracy: 0.7966 - val_loss: 1.2254 - val_accuracy: 0.8200
Epoch 6/20
43/43 [==============================] - 0s 5ms/step - loss: 1.0851 - accuracy: 0.8478 - val_loss: 0.9411 - val_accuracy: 0.8711
Epoch 7/20
43/43 [==============================] - 0s 7ms/step - loss: 0.8456 - accuracy: 0.8701 - val_loss: 0.7494 - val_accuracy: 0.8978
Epoch 8/20
43/43 [==============================] - 0s 7ms/step - loss: 0.6749 - accuracy: 0.8857 - val_loss: 0.5963 - val_accuracy: 0.8978
Epoch 9/20
43/43 [==============================] - 0s 6ms/step - loss: 0.5517 - accuracy: 0.9065 - val_loss: 0.5011 - val_accuracy: 0.9156
Epoch 10/20
43/43 [==============================] - 0s 5ms/step - loss: 0.4615 - accuracy: 0.9124 - val_loss: 0.4455 - val_accuracy: 0.8978
Epoch 11/20
43/43 [==============================] - 0s 5ms/step - loss: 0.4029 - accuracy: 0.9154 - val_loss: 0.3889 - val_accuracy: 0.9200
Epoch 12/20
43/43 [==============================] - 0s 5ms/step - loss: 0.3582 - accuracy: 0.9191 - val_loss: 0.3637 - val_accuracy: 0.9200
Epoch 13/20
43/43 [==============================] - 0s 3ms/step - loss: 0.3232 - accuracy: 0.9280 - val_loss: 0.3237 - val_accuracy: 0.9178
Epoch 14/20
43/43 [==============================] - 0s 5ms/step - loss: 0.2942 - accuracy: 0.9295 - val_loss: 0.2943 - val_accuracy: 0.9289
Epoch 15/20
43/43 [==============================] - 0s 5ms/step - loss: 0.2730 - accuracy: 0.9332 - val_loss: 0.2801 - val_accuracy: 0.9311
Epoch 16/20
43/43 [==============================] - 0s 5ms/step - loss: 0.2483 - accuracy: 0.9399 - val_loss: 0.2614 - val_accuracy: 0.9444
Epoch 17/20
43/43 [==============================] - 0s 4ms/step - loss: 0.2369 - accuracy: 0.9399 - val_loss: 0.2454 - val_accuracy: 0.9400
Epoch 18/20
43/43 [==============================] - 0s 4ms/step - loss: 0.2190 - accuracy: 0.9517 - val_loss: 0.2410 - val_accuracy: 0.9378
Epoch 19/20
43/43 [==============================] - 0s 4ms/step - loss: 0.2065 - accuracy: 0.9480 - val_loss: 0.2157 - val_accuracy: 0.9489
Epoch 20/20
43/43 [==============================] - 0s 5ms/step - loss: 0.1959 - accuracy: 0.9480 - val_loss: 0.2098 - val_accuracy: 0.9511
