Model: "sequential"
┌─────────────────────────────────┬────────────────────────┬───────────────┐
│ Layer (type)                    │ Output Shape           │       Param # │
├─────────────────────────────────┼────────────────────────┼───────────────┤
│ conv2d (Conv2D)                 │ (None, 8, 8, 16)       │           160 │
├─────────────────────────────────┼────────────────────────┼───────────────┤
│ max_pooling2d (MaxPooling2D)    │ (None, 4, 4, 16)       │             0 │
├─────────────────────────────────┼────────────────────────┼───────────────┤
│ flatten (Flatten)               │ (None, 256)            │             0 │
├─────────────────────────────────┼────────────────────────┼───────────────┤
│ dense (Dense)                   │ (None, 32)             │         8,224 │
├─────────────────────────────────┼────────────────────────┼───────────────┤
│ dense_1 (Dense)                 │ (None, 10)             │           330 │
└─────────────────────────────────┴────────────────────────┴───────────────┘
 Total params: 8,714 (34.04 KB)
 Trainable params: 8,714 (34.04 KB)
 Non-trainable params: 0 (0.00 B)
Epoch 1/20

[1m 1/43[0m [37m━━━━━━━━━━━━━━━━━━━━[0m [1m35s[0m 843ms/step - accuracy: 0.0625 - loss: 2.3333
[1m14/43[0m [32m━━━━━━[0m[37m━━━━━━━━━━━━━━[0m [1m0s[0m 4ms/step - accuracy: 0.1228 - loss: 2.3132   
[1m26/43[0m [32m━━━━━━━━━━━━[0m[37m━━━━━━━━[0m [1m0s[0m 4ms/step - accuracy: 0.1743 - loss: 2.2928
[1m39/43[0m [32m━━━━━━━━━━━━━━━━━━[0m[37m━━[0m [1m0s[0m 4ms/step - accuracy: 0.1939 - loss: 2.2760
[1m43/43[0m [32m━━━━━━━━━━━━━━━━━━━━[0m[37m[0m [1m1s[0m 6ms/step - accuracy: 0.1982 - loss: 2.2736 - val_accuracy: 0.2933 - val_loss: 2.2141
Epoch 2/20

[1m 1/43[0m [37m━━━━━━━━━━━━━━━━━━━━[0m [1m0s[0m 4ms/step - accuracy: 0.2500 - loss: 2.2166
[1m14/43[0m [32m━━━━━━[0m[37m━━━━━━━━━━━━━━[0m [1m0s[0m 4ms/step - accuracy: 0.3527 - loss: 2.1878
[1m26/43[0m [32m━━━━━━━━━━━━[0m[37m━━━━━━━━[0m [1m0s[0m 4ms/step - accuracy: 0.3029 - loss: 2.1845
[1m39/43[0m [32m━━━━━━━━━━━━━━━━━━[0m[37m━━[0m [1m0s[0m 4ms/step - accuracy: 0.3253 - loss: 2.1599
[1m43/43[0m [32m━━━━━━━━━━━━━━━━━━━━[0m[37m[0m [1m0s[0m 5ms/step - accuracy: 0.3385 - loss: 2.1526 - val_accuracy: 0.4733 - val_loss: 2.0737
Epoch 3/20

[1m 1/43[0m [37m━━━━━━━━━━━━━━━━━━━━[0m [1m0s[0m 4ms/step - accuracy: 0.4375 - loss: 2.1057
[1m13/43[0m [32m━━━━━━[0m[37m━━━━━━━━━━━━━━[0m [1m0s[0m 4ms/step - accuracy: 0.4904 - loss: 2.0460
[1m25/43[0m [32m━━━━━━━━━━━[0m[37m━━━━━━━━━[0m [1m0s[0m 4ms/step - accuracy: 0.5063 - loss: 2.0214
[1m37/43[0m [32m━━━━━━━━━━━━━━━━━[0m[37m━━━[0m [1m0s[0m 4ms/step - accuracy: 0.5177 - loss: 1.9909
[1m43/43[0m [32m━━━━━━━━━━━━━━━━━━━━[0m[37m[0m [1m0s[0m 5ms/step - accuracy: 0.5189 - loss: 1.9805 - val_accuracy: 0.5156 - val_loss: 1.8595
Epoch 4/20

[1m 1/43[0m [37m━━━━━━━━━━━━━━━━━━━━[0m [1m0s[0m 5ms/step - accuracy: 0.6250 - loss: 1.7857
[1m13/43[0m [32m━━━━━━[0m[37m━━━━━━━━━━━━━━[0m [1m0s[0m 4ms/step - accuracy: 0.5986 - loss: 1.8263
[1m25/43[0m [32m━━━━━━━━━━━[0m[37m━━━━━━━━━[0m [1m0s[0m 4ms/step - accuracy: 0.6388 - loss: 1.7875
[1m37/43[0m [32m━━━━━━━━━━━━━━━━━[0m[37m━━━[0m [1m0s[0m 4ms/step - accuracy: 0.6351 - loss: 1.7449
[1m43/43[0m [32m━━━━━━━━━━━━━━━━━━━━[0m[37m[0m [1m0s[0m 5ms/step - accuracy: 0.6273 - loss: 1.7345 - val_accuracy: 0.6844 - val_loss: 1.5773
Epoch 5/20

[1m 1/43[0m [37m━━━━━━━━━━━━━━━━━━━━[0m [1m0s[0m 6ms/step - accuracy: 0.4688 - loss: 1.7409
[1m12/43[0m [32m━━━━━[0m[37m━━━━━━━━━━━━━━━[0m [1m0s[0m 5ms/step - accuracy: 0.7188 - loss: 1.5378
[1m24/43[0m [32m━━━━━━━━━━━[0m[37m━━━━━━━━━[0m [1m0s[0m 4ms/step - accuracy: 0.7500 - loss: 1.4867
[1m36/43[0m [32m━━━━━━━━━━━━━━━━[0m[37m━━━━[0m [1m0s[0m 4ms/step - accuracy: 0.7682 - loss: 1.4436
[1m43/43[0m [32m━━━━━━━━━━━━━━━━━━━━[0m[37m[0m [1m0s[0m 5ms/step - accuracy: 0.7713 - loss: 1.4232 - val_accuracy: 0.8244 - val_loss: 1.2563
Epoch 6/20

[1m 1/43[0m [37m━━━━━━━━━━━━━━━━━━━━[0m [1m0s[0m 5ms/step - accuracy: 0.8125 - loss: 1.2795
[1m13/43[0m [32m━━━━━━[0m[37m━━━━━━━━━━━━━━[0m [1m0s[0m 4ms/step - accuracy: 0.8101 - loss: 1.2416
[1m24/43[0m [32m━━━━━━━━━━━[0m[37m━━━━━━━━━[0m [1m0s[0m 5ms/step - accuracy: 0.8385 - loss: 1.1685
[1m35/43[0m [32m━━━━━━━━━━━━━━━━[0m[37m━━━━[0m [1m0s[0m 5ms/step - accuracy: 0.8402 - loss: 1.1287
[1m43/43[0m [32m━━━━━━━━━━━━━━━━━━━━[0m[37m[0m [1m0s[0m 6ms/step - accuracy: 0.8508 - loss: 1.1020 - val_accuracy: 0.8889 - val_loss: 0.9459
Epoch 7/20

[1m 1/43[0m [37m━━━━━━━━━━━━━━━━━━━━[0m [1m0s[0m 5ms/step - accuracy: 0.8750 - loss: 0.9518
[1m13/43[0m [32m━━━━━━[0m[37m━━━━━━━━━━━━━━[0m [1m0s[0m 4ms/step - accuracy: 0.8462 - loss: 0.9396
[1m25/43[0m [32m━━━━━━━━━━━[0m[37m━━━━━━━━━[0m [1m0s[0m 4ms/step - accuracy: 0.8537 - loss: 0.8891
[1m37/43[0m [32m━━━━━━━━━━━━━━━━━[0m[37m━━━[0m [1m0s[0m 4ms/step - accuracy: 0.8682 - loss: 0.8495
[1m43/43[0m [32m━━━━━━━━━━━━━━━━━━━━[0m[37m[0m [1m0s[0m 5ms/step - accuracy: 0.8693 - loss: 0.8373 - val_accuracy: 0.9156 - val_loss: 0.7189
Epoch 8/20

[1m 1/43[0m [37m━━━━━━━━━━━━━━━━━━━━[0m [1m0s[0m 5ms/step - accuracy: 0.9062 - loss: 0.7241
[1m14/43[0m [32m━━━━━━[0m[37m━━━━━━━━━━━━━━[0m [1m0s[0m 4ms/step - accuracy: 0.8973 - loss: 0.7126
[1m27/43[0m [32m━━━━━━━━━━━━[0m[37m━━━━━━━━[0m [1m0s[0m 4ms/step - accuracy: 0.9005 - loss: 0.6556
[1m40/43[0m [32m━━━━━━━━━━━━━━━━━━[0m[37m━━[0m [1m0s[0m 4ms/step - accuracy: 0.8945 - loss: 0.6501
[1m43/43[0m [32m━━━━━━━━━━━━━━━━━━━━[0m[37m[0m [1m0s[0m 5ms/step - accuracy: 0.8961 - loss: 0.6435 - val_accuracy: 0.9200 - val_loss: 0.5625
Epoch 9/20

[1m 1/43[0m [37m━━━━━━━━━━━━━━━━━━━━[0m [1m0s[0m 4ms/step - accuracy: 0.9062 - loss: 0.5294
[1m14/43[0m [32m━━━━━━[0m[37m━━━━━━━━━━━━━━[0m [1m0s[0m 4ms/step - accuracy: 0.9286 - loss: 0.5412
[1m26/43[0m [32m━━━━━━━━━━━━[0m[37m━━━━━━━━[0m [1m0s[0m 4ms/step - accuracy: 0.9075 - loss: 0.5341
[1m38/43[0m [32m━━━━━━━━━━━━━━━━━[0m[37m━━━[0m [1m0s[0m 4ms/step - accuracy: 0.9030 - loss: 0.5251
[1m43/43[0m [32m━━━━━━━━━━━━━━━━━━━━[0m[37m[0m [1m0s[0m 5ms/step - accuracy: 0.9079 - loss: 0.5103 - val_accuracy: 0.9244 - val_loss: 0.4558
Epoch 10/20

[1m 1/43[0m [37m━━━━━━━━━━━━━━━━━━━━[0m [1m0s[0m 5ms/step - accuracy: 0.9062 - loss: 0.4333
[1m11/43[0m [32m━━━━━[0m[37m━━━━━━━━━━━━━━━[0m [1m0s[0m 5ms/step - accuracy: 0.9119 - loss: 0.4423
[1m24/43[0m [32m━━━━━━━━━━━[0m[37m━━━━━━━━━[0m [1m0s[0m 4ms/step - accuracy: 0.9141 - loss: 0.4345
[1m36/43[0m [32m━━━━━━━━━━━━━━━━[0m[37m━━━━[0m [1m0s[0m 4ms/step - accuracy: 0.9123 - loss: 0.4303
[1m43/43[0m [32m━━━━━━━━━━━━━━━━━━━━[0m[37m[0m [1m0s[0m 5ms/step - accuracy: 0.9161 - loss: 0.4214 - val_accuracy: 0.9400 - val_loss: 0.3779
Epoch 11/20

[1m 1/43[0m [37m━━━━━━━━━━━━━━━━━━━━[0m [1m0s[0m 5ms/step - accuracy: 0.9688 - loss: 0.3050
[1m12/43[0m [32m━━━━━[0m[37m━━━━━━━━━━━━━━━[0m [1m0s[0m 5ms/step - accuracy: 0.9115 - loss: 0.3735
[1m25/43[0m [32m━━━━━━━━━━━[0m[37m━━━━━━━━━[0m [1m0s[0m 4ms/step - accuracy: 0.9200 - loss: 0.3636
[1m37/43[0m [32m━━━━━━━━━━━━━━━━━[0m[37m━━━[0m [1m0s[0m 4ms/step - accuracy: 0.9231 - loss: 0.3633
[1m43/43[0m [32m━━━━━━━━━━━━━━━━━━━━[0m[37m[0m [1m0s[0m 5ms/step - accuracy: 0.9235 - loss: 0.3600 - val_accuracy: 0.9400 - val_loss: 0.3304
Epoch 12/20

[1m 1/43[0m [37m━━━━━━━━━━━━━━━━━━━━[0m [1m0s[0m 5ms/step - accuracy: 0.9688 - loss: 0.2757
[1m14/43[0m [32m━━━━━━[0m[37m━━━━━━━━━━━━━━[0m [1m0s[0m 4ms/step - accuracy: 0.9420 - loss: 0.3062
[1m26/43[0m [32m━━━━━━━━━━━━[0m[37m━━━━━━━━[0m [1m0s[0m 4ms/step - accuracy: 0.9303 - loss: 0.3171
[1m39/43[0m [32m━━━━━━━━━━━━━━━━━━[0m[37m━━[0m [1m0s[0m 4ms/step - accuracy: 0.9335 - loss: 0.3072
[1m43/43[0m [32m━━━━━━━━━━━━━━━━━━━━[0m[37m[0m [1m0s[0m 5ms/step - accuracy: 0.9332 - loss: 0.3070 - val_accuracy: 0.9378 - val_loss: 0.2934
Epoch 13/20

[1m 1/43[0m [37m━━━━━━━━━━━━━━━━━━━━[0m [1m0s[0m 6ms/step - accuracy: 0.9375 - loss: 0.2208
[1m13/43[0m [32m━━━━━━[0m[37m━━━━━━━━━━━━━━[0m [1m0s[0m 4ms/step - accuracy: 0.9495 - loss: 0.2678
[1m25/43[0m [32m━━━━━━━━━━━[0m[37m━━━━━━━━━[0m [1m0s[0m 4ms/step - accuracy: 0.9388 - loss: 0.2802
[1m37/43[0m [32m━━━━━━━━━━━━━━━━━[0m[37m━━━[0m [1m0s[0m 4ms/step - accuracy: 0.9350 - loss: 0.2799
[1m43/43[0m [32m━━━━━━━━━━━━━━━━━━━━[0m[37m[0m [1m0s[0m 5ms/step - accuracy: 0.9362 - loss: 0.2776 - val_accuracy: 0.9444 - val_loss: 0.2628
Epoch 14/20

[1m 1/43[0m [37m━━━━━━━━━━━━━━━━━━━━[0m [1m0s[0m 5ms/step - accuracy: 0.9688 - loss: 0.2659
[1m13/43[0m [32m━━━━━━[0m[37m━━━━━━━━━━━━━━[0m [1m0s[0m 4ms/step - accuracy: 0.9471 - loss: 0.2458
[1m26/43[0m [32m━━━━━━━━━━━━[0m[37m━━━━━━━━[0m [1m0s[0m 4ms/step - accuracy: 0.9459 - loss: 0.2501
[1m39/43[0m [32m━━━━━━━━━━━━━━━━━━[0m[37m━━[0m [1m0s[0m 4ms/step - accuracy: 0.9439 - loss: 0.2567
[1m43/43[0m [32m━━━━━━━━━━━━━━━━━━━━[0m[37m[0m [1m0s[0m 5ms/step - accuracy: 0.9451 - loss: 0.2504 - val_accuracy: 0.9422 - val_loss: 0.2403
Epoch 15/20

[1m 1/43[0m [37m━━━━━━━━━━━━━━━━━━━━[0m [1m0s[0m 5ms/step - accuracy: 0.9062 - loss: 0.2749
[1m12/43[0m [32m━━━━━[0m[37m━━━━━━━━━━━━━━━[0m [1m0s[0m 5ms/step - accuracy: 0.9297 - loss: 0.2519
[1m24/43[0m [32m━━━━━━━━━━━[0m[37m━━━━━━━━━[0m [1m0s[0m 5ms/step - accuracy: 0.9349 - loss: 0.2405
[1m37/43[0m [32m━━━━━━━━━━━━━━━━━[0m[37m━━━[0m [1m0s[0m 4ms/step - accuracy: 0.9426 - loss: 0.2267
[1m43/43[0m [32m━━━━━━━━━━━━━━━━━━━━[0m[37m[0m [1m0s[0m 7ms/step - accuracy: 0.9443 - loss: 0.2262 - val_accuracy: 0.9489 - val_loss: 0.2197
Epoch 16/20

[1m 1/43[0m [37m━━━━━━━━━━━━━━━━━━━━[0m [1m0s[0m 5ms/step - accuracy: 0.9375 - loss: 0.1499
[1m13/43[0m [32m━━━━━━[0m[37m━━━━━━━━━━━━━━[0m [1m0s[0m 4ms/step - accuracy: 0.9495 - loss: 0.2171
[1m25/43[0m [32m━━━━━━━━━━━[0m[37m━━━━━━━━━[0m [1m0s[0m 4ms/step - accuracy: 0.9538 - loss: 0.2163
[1m37/43[0m [32m━━━━━━━━━━━━━━━━━[0m[37m━━━[0m [1m0s[0m 4ms/step - accuracy: 0.9519 - loss: 0.2097
[1m43/43[0m [32m━━━━━━━━━━━━━━━━━━━━[0m[37m[0m [1m0s[0m 5ms/step - accuracy: 0.9517 - loss: 0.2120 - val_accuracy: 0.9556 - val_loss: 0.2049
Epoch 17/20

[1m 1/43[0m [37m━━━━━━━━━━━━━━━━━━━━[0m [1m0s[0m 4ms/step - accuracy: 0.9375 - loss: 0.3911
[1m14/43[0m [32m━━━━━━[0m[37m━━━━━━━━━━━━━━[0m [1m0s[0m 4ms/step - accuracy: 0.9643 - loss: 0.1817
[1m27/43[0m [32m━━━━━━━━━━━━[0m[37m━━━━━━━━[0m [1m0s[0m 4ms/step - accuracy: 0.9595 - loss: 0.1927
[1m40/43[0m [32m━━━━━━━━━━━━━━━━━━[0m[37m━━[0m [1m0s[0m 4ms/step - accuracy: 0.9594 - loss: 0.1908
[1m43/43[0m [32m━━━━━━━━━━━━━━━━━━━━[0m[37m[0m [1m0s[0m 5ms/step - accuracy: 0.9577 - loss: 0.1919 - val_accuracy: 0.9489 - val_loss: 0.2029
Epoch 18/20

[1m 1/43[0m [37m━━━━━━━━━━━━━━━━━━━━[0m [1m0s[0m 5ms/step - accuracy: 0.9688 - loss: 0.1999
[1m13/43[0m [32m━━━━━━[0m[37m━━━━━━━━━━━━━━[0m [1m0s[0m 4ms/step - accuracy: 0.9712 - loss: 0.1803
[1m25/43[0m [32m━━━━━━━━━━━[0m[37m━━━━━━━━━[0m [1m0s[0m 4ms/step - accuracy: 0.9725 - loss: 0.1679
[1m38/43[0m [32m━━━━━━━━━━━━━━━━━[0m[37m━━━[0m [1m0s[0m 4ms/step - accuracy: 0.9655 - loss: 0.1758
[1m43/43[0m [32m━━━━━━━━━━━━━━━━━━━━[0m[37m[0m [1m0s[0m 5ms/step - accuracy: 0.9614 - loss: 0.1819 - val_accuracy: 0.9556 - val_loss: 0.1855
Epoch 19/20

[1m 1/43[0m [37m━━━━━━━━━━━━━━━━━━━━[0m [1m0s[0m 5ms/step - accuracy: 1.0000 - loss: 0.1768
[1m13/43[0m [32m━━━━━━[0m[37m━━━━━━━━━━━━━━[0m [1m0s[0m 4ms/step - accuracy: 0.9712 - loss: 0.1560
[1m26/43[0m [32m━━━━━━━━━━━━[0m[37m━━━━━━━━[0m [1m0s[0m 4ms/step - accuracy: 0.9712 - loss: 0.1637
[1m39/43[0m [32m━━━━━━━━━━━━━━━━━━[0m[37m━━[0m [1m0s[0m 4ms/step - accuracy: 0.9655 - loss: 0.1677
[1m43/43[0m [32m━━━━━━━━━━━━━━━━━━━━[0m[37m[0m [1m0s[0m 5ms/step - accuracy: 0.9644 - loss: 0.1698 - val_accuracy: 0.9489 - val_loss: 0.1830
Epoch 20/20

[1m 1/43[0m [37m━━━━━━━━━━━━━━━━━━━━[0m [1m0s[0m 5ms/step - accuracy: 0.9375 - loss: 0.1933
[1m13/43[0m [32m━━━━━━[0m[37m━━━━━━━━━━━━━━[0m [1m0s[0m 4ms/step - accuracy: 0.9784 - loss: 0.1436
[1m26/43[0m [32m━━━━━━━━━━━━[0m[37m━━━━━━━━[0m [1m0s[0m 4ms/step - accuracy: 0.9712 - loss: 0.1495
[1m38/43[0m [32m━━━━━━━━━━━━━━━━━[0m[37m━━━[0m [1m0s[0m 4ms/step - accuracy: 0.9679 - loss: 0.1590
[1m43/43[0m [32m━━━━━━━━━━━━━━━━━━━━[0m[37m[0m [1m0s[0m 5ms/step - accuracy: 0.9666 - loss: 0.1600 - val_accuracy: 0.9578 - val_loss: 0.1658
